[2025/12/06 02:08:43.428 | db.utils.LibSetup.downloadLib(LibSetup.java:85)] Downloading missing or outdated library file: lib\verifier.jar
[2025/12/06 02:08:43.718 | db.utils.LibSetup.downloadLib(LibSetup.java:85)] Downloading missing or outdated library file: plugins\DefaultPlugin.jar
[2025/12/06 02:08:44.047 | db.Bot.main(Bot.java:68)] Starting DarkBot 1.118 b3
[2025/12/06 02:08:44.351 | db.utils.LibSetup.downloadLib(LibSetup.java:85)] Downloading missing or outdated library file: lib\KekkaPlayer.dll
[2025/12/06 02:08:52.815 | db.utils.CaptchaAPI.createInstance(CaptchaAPI.java:16)] Library file lib\captchasolver.jar not present
[2025/12/06 02:08:52.816 | db.utils.CaptchaAPI.createInstance(CaptchaAPI.java:18)] No captcha resolver is configured, if you're not trying to use one you can safely ignore this message
[2025/12/06 02:08:58.240 | eu.darkbot.impl.managers.I18n$PropertyContainer.getLangFile(I18n.java:134)] Couldn't find translation file for es in eu/darkbot/popcorn/def/lang/strings_es.properties
eu.darkbot.api.exceptions.FailedCreationException: Exception calling constructor for API: eu.darkbot.popcorn.def.CaptchaPicker
	at eu.darkbot.impl.PluginApiImpl.createNewInstance(PluginApiImpl.java:96)
	at eu.darkbot.impl.PluginApiImpl.getOrCreate(PluginApiImpl.java:74)
	at eu.darkbot.impl.PluginApiImpl.requireInstance(PluginApiImpl.java:149)
	at com.github.manolo8.darkbot.extensions.features.FeatureInstanceLoader.loadFeature(FeatureInstanceLoader.java:41)
	at com.github.manolo8.darkbot.extensions.features.FeatureRegistry.getFeature(FeatureRegistry.java:119)
	at com.github.manolo8.darkbot.extensions.features.FeatureRegistry.getFeature(FeatureRegistry.java:138)
	at java.base/java.util.stream.ReferencePipeline$3$1.accept(ReferencePipeline.java:197)
	at java.base/java.util.stream.ReferencePipeline$3$1.accept(ReferencePipeline.java:197)
	at java.base/java.util.stream.ReferencePipeline$2$1.accept(ReferencePipeline.java:179)
	at java.base/java.util.stream.ReferencePipeline$2$1.accept(ReferencePipeline.java:179)
	at java.base/java.util.Iterator.forEachRemaining(Iterator.java:133)
	at java.base/java.util.Spliterators$IteratorSpliterator.forEachRemaining(Spliterators.java:1845)
	at java.base/java.util.stream.AbstractPipeline.copyInto(AbstractPipeline.java:509)
	at java.base/java.util.stream.AbstractPipeline.wrapAndCopyInto(AbstractPipeline.java:499)
	at java.base/java.util.stream.ReduceOps$ReduceOp.evaluateSequential(ReduceOps.java:921)
	at java.base/java.util.stream.AbstractPipeline.evaluate(AbstractPipeline.java:234)
	at java.base/java.util.stream.ReferencePipeline.collect(ReferencePipeline.java:682)
	at com.github.manolo8.darkbot.extensions.features.handlers.BehaviourHandler.update(BehaviourHandler.java:36)
	at com.github.manolo8.darkbot.extensions.features.FeatureRegisterHandler.update(FeatureRegisterHandler.java:55)
	at java.base/java.util.ArrayList.forEach(ArrayList.java:1511)
	at com.github.manolo8.darkbot.extensions.features.FeatureRegisterHandler.update(FeatureRegisterHandler.java:49)
	at com.github.manolo8.darkbot.extensions.features.FeatureRegistry.afterLoad(FeatureRegistry.java:71)
	at java.base/java.util.ArrayList.forEach(ArrayList.java:1511)
	at com.github.manolo8.darkbot.extensions.plugins.PluginHandler.updatePluginsInternal(PluginHandler.java:152)
	at com.github.manolo8.darkbot.extensions.plugins.PluginHandler.updatePluginsSync(PluginHandler.java:106)
	at com.github.manolo8.darkbot.Main.<init>(Main.java:172)
	at com.github.manolo8.darkbot.Bot.lambda$main$1(Bot.java:73)
	at java.desktop/java.awt.event.InvocationEvent.dispatch(InvocationEvent.java:318)
	at java.desktop/java.awt.EventQueue.dispatchEventImpl(EventQueue.java:771)
	at java.desktop/java.awt.EventQueue$4.run(EventQueue.java:722)
	at java.desktop/java.awt.EventQueue$4.run(EventQueue.java:716)
	at java.base/java.security.AccessController.doPrivileged(AccessController.java:399)
	at java.base/java.security.ProtectionDomain$JavaSecurityAccessImpl.doIntersectionPrivilege(ProtectionDomain.java:86)
	at java.desktop/java.awt.EventQueue.dispatchEvent(EventQueue.java:741)
	at java.desktop/java.awt.EventDispatchThread.pumpOneEventForFilters(EventDispatchThread.java:203)
	at java.desktop/java.awt.EventDispatchThread.pumpEventsForFilter(EventDispatchThread.java:124)
	at java.desktop/java.awt.EventDispatchThread.pumpEventsForHierarchy(EventDispatchThread.java:113)
	at java.desktop/java.awt.EventDispatchThread.pumpEvents(EventDispatchThread.java:109)
	at java.desktop/java.awt.EventDispatchThread.pumpEvents(EventDispatchThread.java:101)
	at java.desktop/java.awt.EventDispatchThread.run(EventDispatchThread.java:90)
Caused by: java.lang.reflect.InvocationTargetException
	at java.base/jdk.internal.reflect.NativeConstructorAccessorImpl.newInstance0(Native Method)
	at java.base/jdk.internal.reflect.NativeConstructorAccessorImpl.newInstance(NativeConstructorAccessorImpl.java:77)
	at java.base/jdk.internal.reflect.DelegatingConstructorAccessorImpl.newInstance(DelegatingConstructorAccessorImpl.java:45)
	at java.base/java.lang.reflect.Constructor.newInstanceWithCaller(Constructor.java:499)
	at java.base/java.lang.reflect.Constructor.newInstance(Constructor.java:480)
	at eu.darkbot.impl.PluginApiImpl.buildClass(PluginApiImpl.java:113)
	at eu.darkbot.impl.PluginApiImpl.createNewInstance(PluginApiImpl.java:93)
	... 39 more
Caused by: java.lang.SecurityException: Unsigned bot, plugins refuse to load on unsigned bot versions.
	at eu.darkbot.verifier.AuthAPIImpl.isAuthenticated(Unknown Source)
	at eu.darkbot.popcorn.def.VerifierChecker.checkAuthenticity(VerifierChecker.java:30)
	at eu.darkbot.popcorn.def.CaptchaPicker.<init>(CaptchaPicker.java:62)
	... 46 more
eu.darkbot.api.exceptions.FailedCreationException: Exception calling constructor for API: eu.darkbot.popcorn.def.AntiPush
	at eu.darkbot.impl.PluginApiImpl.createNewInstance(PluginApiImpl.java:96)
	at eu.darkbot.impl.PluginApiImpl.getOrCreate(PluginApiImpl.java:74)
	at eu.darkbot.impl.PluginApiImpl.requireInstance(PluginApiImpl.java:149)
	at com.github.manolo8.darkbot.extensions.features.FeatureInstanceLoader.loadFeature(FeatureInstanceLoader.java:41)
	at com.github.manolo8.darkbot.extensions.features.FeatureRegistry.getFeature(FeatureRegistry.java:119)
	at com.github.manolo8.darkbot.extensions.features.FeatureRegistry.getFeature(FeatureRegistry.java:138)
	at java.base/java.util.stream.ReferencePipeline$3$1.accept(ReferencePipeline.java:197)
	at java.base/java.util.stream.ReferencePipeline$3$1.accept(ReferencePipeline.java:197)
	at java.base/java.util.stream.ReferencePipeline$2$1.accept(ReferencePipeline.java:179)
	at java.base/java.util.stream.ReferencePipeline$2$1.accept(ReferencePipeline.java:179)
	at java.base/java.util.Iterator.forEachRemaining(Iterator.java:133)
	at java.base/java.util.Spliterators$IteratorSpliterator.forEachRemaining(Spliterators.java:1845)
	at java.base/java.util.stream.AbstractPipeline.copyInto(AbstractPipeline.java:509)
	at java.base/java.util.stream.AbstractPipeline.wrapAndCopyInto(AbstractPipeline.java:499)
	at java.base/java.util.stream.ReduceOps$ReduceOp.evaluateSequential(ReduceOps.java:921)
	at java.base/java.util.stream.AbstractPipeline.evaluate(AbstractPipeline.java:234)
	at java.base/java.util.stream.ReferencePipeline.collect(ReferencePipeline.java:682)
	at com.github.manolo8.darkbot.extensions.features.handlers.BehaviourHandler.update(BehaviourHandler.java:36)
	at com.github.manolo8.darkbot.extensions.features.FeatureRegisterHandler.update(FeatureRegisterHandler.java:55)
	at java.base/java.util.ArrayList.forEach(ArrayList.java:1511)
	at com.github.manolo8.darkbot.extensions.features.FeatureRegisterHandler.update(FeatureRegisterHandler.java:49)
	at com.github.manolo8.darkbot.extensions.features.FeatureRegistry.afterLoad(FeatureRegistry.java:71)
	at java.base/java.util.ArrayList.forEach(ArrayList.java:1511)
	at com.github.manolo8.darkbot.extensions.plugins.PluginHandler.updatePluginsInternal(PluginHandler.java:152)
	at com.github.manolo8.darkbot.extensions.plugins.PluginHandler.updatePluginsSync(PluginHandler.java:106)
	at com.github.manolo8.darkbot.Main.<init>(Main.java:172)
	at com.github.manolo8.darkbot.Bot.lambda$main$1(Bot.java:73)
	at java.desktop/java.awt.event.InvocationEvent.dispatch(InvocationEvent.java:318)
	at java.desktop/java.awt.EventQueue.dispatchEventImpl(EventQueue.java:771)
	at java.desktop/java.awt.EventQueue$4.run(EventQueue.java:722)
	at java.desktop/java.awt.EventQueue$4.run(EventQueue.java:716)
	at java.base/java.security.AccessController.doPrivileged(AccessController.java:399)
	at java.base/java.security.ProtectionDomain$JavaSecurityAccessImpl.doIntersectionPrivilege(ProtectionDomain.java:86)
	at java.desktop/java.awt.EventQueue.dispatchEvent(EventQueue.java:741)
	at java.desktop/java.awt.EventDispatchThread.pumpOneEventForFilters(EventDispatchThread.java:203)
	at java.desktop/java.awt.EventDispatchThread.pumpEventsForFilter(EventDispatchThread.java:124)
	at java.desktop/java.awt.EventDispatchThread.pumpEventsForHierarchy(EventDispatchThread.java:113)
	at java.desktop/java.awt.EventDispatchThread.pumpEvents(EventDispatchThread.java:109)
	at java.desktop/java.awt.EventDispatchThread.pumpEvents(EventDispatchThread.java:101)
	at java.desktop/java.awt.EventDispatchThread.run(EventDispatchThread.java:90)
Caused by: java.lang.reflect.InvocationTargetException
	at java.base/jdk.internal.reflect.NativeConstructorAccessorImpl.newInstance0(Native Method)
	at java.base/jdk.internal.reflect.NativeConstructorAccessorImpl.newInstance(NativeConstructorAccessorImpl.java:77)
	at java.base/jdk.internal.reflect.DelegatingConstructorAccessorImpl.newInstance(DelegatingConstructorAccessorImpl.java:45)
	at java.base/java.lang.reflect.Constructor.newInstanceWithCaller(Constructor.java:499)
	at java.base/java.lang.reflect.Constructor.newInstance(Constructor.java:480)
	at eu.darkbot.impl.PluginApiImpl.buildClass(PluginApiImpl.java:113)
	at eu.darkbot.impl.PluginApiImpl.createNewInstance(PluginApiImpl.java:93)
	... 39 more
Caused by: java.lang.SecurityException: Unsigned bot, plugins refuse to load on unsigned bot versions.
	at eu.darkbot.verifier.AuthAPIImpl.isAuthenticated(Unknown Source)
	at eu.darkbot.popcorn.def.VerifierChecker.checkAuthenticity(VerifierChecker.java:30)
	at eu.darkbot.popcorn.def.AntiPush.<init>(AntiPush.java:59)
	... 46 more
java.lang.SecurityException: Unsigned bot, plugins refuse to load on unsigned bot versions.
	at eu.darkbot.verifier.AuthAPIImpl.isAuthenticated(Unknown Source)
	at eu.darkbot.popcorn.def.VerifierChecker.checkAuthenticity(VerifierChecker.java:30)
	at eu.darkbot.popcorn.def.FlashPatcher.install(FlashPatcher.java:18)
	at com.github.manolo8.darkbot.extensions.features.decorators.InstallableDecorator.load(InstallableDecorator.java:17)
	at com.github.manolo8.darkbot.extensions.features.decorators.InstallableDecorator.load(InstallableDecorator.java:7)
	at com.github.manolo8.darkbot.extensions.features.decorators.FeatureDecorator.tryLoad(FeatureDecorator.java:23)
	at com.github.manolo8.darkbot.extensions.features.FeatureInstanceLoader.loadFeature(FeatureInstanceLoader.java:43)
	at com.github.manolo8.darkbot.extensions.features.FeatureRegistry.getFeature(FeatureRegistry.java:119)
	at com.github.manolo8.darkbot.extensions.features.FeatureRegistry.getFeature(FeatureRegistry.java:138)
	at java.base/java.util.stream.ReferencePipeline$3$1.accept(ReferencePipeline.java:197)
	at java.base/java.util.stream.ReferencePipeline$3$1.accept(ReferencePipeline.java:197)
	at java.base/java.util.stream.ReferencePipeline$2$1.accept(ReferencePipeline.java:179)
	at java.base/java.util.stream.ReferencePipeline$2$1.accept(ReferencePipeline.java:179)
	at java.base/java.util.Iterator.forEachRemaining(Iterator.java:133)
	at java.base/java.util.Spliterators$IteratorSpliterator.forEachRemaining(Spliterators.java:1845)
	at java.base/java.util.stream.AbstractPipeline.copyInto(AbstractPipeline.java:509)
	at java.base/java.util.stream.AbstractPipeline.wrapAndCopyInto(AbstractPipeline.java:499)
	at java.base/java.util.stream.ReduceOps$ReduceOp.evaluateSequential(ReduceOps.java:921)
	at java.base/java.util.stream.AbstractPipeline.evaluate(AbstractPipeline.java:234)
	at java.base/java.util.stream.ReferencePipeline.collect(ReferencePipeline.java:682)
	at com.github.manolo8.darkbot.extensions.features.handlers.TaskHandler.update(TaskHandler.java:34)
	at com.github.manolo8.darkbot.extensions.features.FeatureRegisterHandler.update(FeatureRegisterHandler.java:55)
	at java.base/java.util.ArrayList.forEach(ArrayList.java:1511)
	at com.github.manolo8.darkbot.extensions.features.FeatureRegisterHandler.update(FeatureRegisterHandler.java:49)
	at com.github.manolo8.darkbot.extensions.features.FeatureRegistry.afterLoad(FeatureRegistry.java:71)
	at java.base/java.util.ArrayList.forEach(ArrayList.java:1511)
	at com.github.manolo8.darkbot.extensions.plugins.PluginHandler.updatePluginsInternal(PluginHandler.java:152)
	at com.github.manolo8.darkbot.extensions.plugins.PluginHandler.updatePluginsSync(PluginHandler.java:106)
	at com.github.manolo8.darkbot.Main.<init>(Main.java:172)
	at com.github.manolo8.darkbot.Bot.lambda$main$1(Bot.java:73)
	at java.desktop/java.awt.event.InvocationEvent.dispatch(InvocationEvent.java:318)
	at java.desktop/java.awt.EventQueue.dispatchEventImpl(EventQueue.java:771)
	at java.desktop/java.awt.EventQueue$4.run(EventQueue.java:722)
	at java.desktop/java.awt.EventQueue$4.run(EventQueue.java:716)
	at java.base/java.security.AccessController.doPrivileged(AccessController.java:399)
	at java.base/java.security.ProtectionDomain$JavaSecurityAccessImpl.doIntersectionPrivilege(ProtectionDomain.java:86)
	at java.desktop/java.awt.EventQueue.dispatchEvent(EventQueue.java:741)
	at java.desktop/java.awt.EventDispatchThread.pumpOneEventForFilters(EventDispatchThread.java:203)
	at java.desktop/java.awt.EventDispatchThread.pumpEventsForFilter(EventDispatchThread.java:124)
	at java.desktop/java.awt.EventDispatchThread.pumpEventsForHierarchy(EventDispatchThread.java:113)
	at java.desktop/java.awt.EventDispatchThread.pumpEvents(EventDispatchThread.java:109)
	at java.desktop/java.awt.EventDispatchThread.pumpEvents(EventDispatchThread.java:101)
	at java.desktop/java.awt.EventDispatchThread.run(EventDispatchThread.java:90)
eu.darkbot.api.exceptions.FailedCreationException: Exception calling constructor for API: eu.darkbot.popcorn.def.UserAgentUpdater
	at eu.darkbot.impl.PluginApiImpl.createNewInstance(PluginApiImpl.java:96)
	at eu.darkbot.impl.PluginApiImpl.getOrCreate(PluginApiImpl.java:74)
	at eu.darkbot.impl.PluginApiImpl.requireInstance(PluginApiImpl.java:149)
	at com.github.manolo8.darkbot.extensions.features.FeatureInstanceLoader.loadFeature(FeatureInstanceLoader.java:41)
	at com.github.manolo8.darkbot.extensions.features.FeatureRegistry.getFeature(FeatureRegistry.java:119)
	at com.github.manolo8.darkbot.extensions.features.FeatureRegistry.getFeature(FeatureRegistry.java:138)
	at java.base/java.util.stream.ReferencePipeline$3$1.accept(ReferencePipeline.java:197)
	at java.base/java.util.stream.ReferencePipeline$3$1.accept(ReferencePipeline.java:197)
	at java.base/java.util.stream.ReferencePipeline$2$1.accept(ReferencePipeline.java:179)
	at java.base/java.util.stream.ReferencePipeline$2$1.accept(ReferencePipeline.java:179)
	at java.base/java.util.Iterator.forEachRemaining(Iterator.java:133)
	at java.base/java.util.Spliterators$IteratorSpliterator.forEachRemaining(Spliterators.java:1845)
	at java.base/java.util.stream.AbstractPipeline.copyInto(AbstractPipeline.java:509)
	at java.base/java.util.stream.AbstractPipeline.wrapAndCopyInto(AbstractPipeline.java:499)
	at java.base/java.util.stream.ReduceOps$ReduceOp.evaluateSequential(ReduceOps.java:921)
	at java.base/java.util.stream.AbstractPipeline.evaluate(AbstractPipeline.java:234)
	at java.base/java.util.stream.ReferencePipeline.collect(ReferencePipeline.java:682)
	at com.github.manolo8.darkbot.extensions.features.handlers.TaskHandler.update(TaskHandler.java:34)
	at com.github.manolo8.darkbot.extensions.features.FeatureRegisterHandler.update(FeatureRegisterHandler.java:55)
	at java.base/java.util.ArrayList.forEach(ArrayList.java:1511)
	at com.github.manolo8.darkbot.extensions.features.FeatureRegisterHandler.update(FeatureRegisterHandler.java:49)
	at com.github.manolo8.darkbot.extensions.features.FeatureRegistry.afterLoad(FeatureRegistry.java:71)
	at java.base/java.util.ArrayList.forEach(ArrayList.java:1511)
	at com.github.manolo8.darkbot.extensions.plugins.PluginHandler.updatePluginsInternal(PluginHandler.java:152)
	at com.github.manolo8.darkbot.extensions.plugins.PluginHandler.updatePluginsSync(PluginHandler.java:106)
	at com.github.manolo8.darkbot.Main.<init>(Main.java:172)
	at com.github.manolo8.darkbot.Bot.lambda$main$1(Bot.java:73)
	at java.desktop/java.awt.event.InvocationEvent.dispatch(InvocationEvent.java:318)
	at java.desktop/java.awt.EventQueue.dispatchEventImpl(EventQueue.java:771)
	at java.desktop/java.awt.EventQueue$4.run(EventQueue.java:722)
	at java.desktop/java.awt.EventQueue$4.run(EventQueue.java:716)
	at java.base/java.security.AccessController.doPrivileged(AccessController.java:399)
	at java.base/java.security.ProtectionDomain$JavaSecurityAccessImpl.doIntersectionPrivilege(ProtectionDomain.java:86)
	at java.desktop/java.awt.EventQueue.dispatchEvent(EventQueue.java:741)
	at java.desktop/java.awt.EventDispatchThread.pumpOneEventForFilters(EventDispatchThread.java:203)
	at java.desktop/java.awt.EventDispatchThread.pumpEventsForFilter(EventDispatchThread.java:124)
	at java.desktop/java.awt.EventDispatchThread.pumpEventsForHierarchy(EventDispatchThread.java:113)
	at java.desktop/java.awt.EventDispatchThread.pumpEvents(EventDispatchThread.java:109)
	at java.desktop/java.awt.EventDispatchThread.pumpEvents(EventDispatchThread.java:101)
	at java.desktop/java.awt.EventDispatchThread.run(EventDispatchThread.java:90)
Caused by: java.lang.reflect.InvocationTargetException
	at java.base/jdk.internal.reflect.NativeConstructorAccessorImpl.newInstance0(Native Method)
	at java.base/jdk.internal.reflect.NativeConstructorAccessorImpl.newInstance(NativeConstructorAccessorImpl.java:77)
	at java.base/jdk.internal.reflect.DelegatingConstructorAccessorImpl.newInstance(DelegatingConstructorAccessorImpl.java:45)
	at java.base/java.lang.reflect.Constructor.newInstanceWithCaller(Constructor.java:499)
	at java.base/java.lang.reflect.Constructor.newInstance(Constructor.java:480)
	at eu.darkbot.impl.PluginApiImpl.buildClass(PluginApiImpl.java:113)
	at eu.darkbot.impl.PluginApiImpl.createNewInstance(PluginApiImpl.java:93)
	... 39 more
Caused by: java.lang.SecurityException: Unsigned bot, plugins refuse to load on unsigned bot versions.
	at eu.darkbot.verifier.AuthAPIImpl.isAuthenticated(Unknown Source)
	at eu.darkbot.popcorn.def.VerifierChecker.checkAuthenticity(VerifierChecker.java:30)
	at eu.darkbot.popcorn.def.UserAgentUpdater.<init>(UserAgentUpdater.java:41)
	... 46 more
